../Core/Src/main.c:82:5:main	56	static
../Core/Src/main.c:162:6:SystemClock_Config	88	static
../Core/Src/main.c:209:13:MX_I2C1_Init	8	static
../Core/Src/main.c:243:13:MX_USART2_UART_Init	8	static
../Core/Src/main.c:276:13:MX_GPIO_Init	48	static
../Core/Src/main.c:315:6:HAL_GPIO_EXTI_Callback	16	static,ignoring_inline_asm
../Core/Src/main.c:332:6:writeSSD1306Commands	72	dynamic
../Core/Src/main.c:343:6:writeSSD1306Data	72	dynamic
../Core/Src/main.c:354:6:initializeScreen	48	static
../Core/Src/main.c:375:6:testScreen	24	static
../Core/Src/main.c:384:6:eraseScreen	160	static
../Core/Src/main.c:403:6:fillScreen	160	static
../Core/Src/main.c:422:6:drawText	368	dynamic
../Core/Src/main.c:849:6:Error_Handler	4	static,ignoring_inline_asm
